// Jest Snapshot v1, https://goo.gl/fbAQLP

exports[`<Home/> should welcome current user 1`] = `
<div>
  <form
    class="login-form"
  >
    <label>
      email:
      <input
        placeholder="enter your email"
        type="email"
        value=""
      />
    </label>
    <label>
      password:
      <input
        placeholder="enter your password"
        type="password"
        value=""
      />
    </label>
    <button>
      Log In
    </button>
  </form>
  <div
    class="redirect"
  >
    <p>
      New to Scrounger?
    </p>
    <a
      href="/register"
    >
      Register
    </a>
  </div>
</div>
`;
